Radek
dopisane
dopisane
dopisane
dopisane
dopisane
dośdane
